{
  "summary": {
    "total_stories": 2,
    "total_commits": 2,
    "stories_with_commits": 1,
    "stories_without_commits": 1,
    "orphan_commits": 1
  },
  "stories_with_no_commits": [
    {
      "key": "APP-2",
      "fields": {
        "summary": "Second story awaiting work"
      }
    }
  ],
  "orphan_commits": [
    {
      "hash": "def456",
      "message": "chore: unrelated clean up",
      "author": "Bob",
      "date": "2024-01-02T12:00:00Z",
      "repository": "repo-1",
      "branch": "develop"
    }
  ],
  "commit_story_mapping": [
    {
      "story_key": "APP-1",
      "story_summary": "Initial feature",
      "commits": [
        {
          "hash": "abc123",
          "message": "APP-1 initial implementation",
          "author": "Alice",
          "date": "2024-01-01T08:30:00Z",
          "repository": "repo-1",
          "branch": "main"
        }
      ]
    }
  ]
}