{
  "stories": [
    {
      "key": "STORY-1",
      "status": "In Progress",
      "assignee": "Alice",
      "commitIds": [
        "abc123"
      ]
    },
    {
      "key": "STORY-2",
      "status": "Done",
      "assignee": "Bob",
      "commitIds": []
    }
  ],
  "commits": [
    {
      "id": "abc123",
      "linkedStoryKeys": [
        "STORY-1"
      ]
    },
    {
      "id": "def456",
      "linkedStoryKeys": []
    }
  ],
  "links": [
    {
      "source": "STORY-1",
      "target": "def456",
      "type": "relates_to"
    }
  ]
}
